../Core/Src/main.c:11:20:ACK	1
../Core/Src/main.c:16:20:ERR	1
../Core/Src/main.c:21:20:DONE	1
../Core/Src/main.c:99:6:Display_UART_Command	1
../Core/Src/main.c:152:17:Steering_ToUS_original	3
../Core/Src/main.c:186:17:Steering_ToUS	6
../Core/Src/main.c:228:17:Steering_ToUS_Fixed	7
../Core/Src/main.c:256:13:ICM20948_SelectBank	1
../Core/Src/main.c:260:13:ICM20948_WriteReg	1
../Core/Src/main.c:265:13:ICM20948_ReadRegs	1
../Core/Src/main.c:270:26:icm_read_raw	2
../Core/Src/main.c:274:12:ICM20948_Detect	5
../Core/Src/main.c:280:12:ICM20948_Init	2
../Core/Src/main.c:292:13:ICM20948_ReadRaw	1
../Core/Src/main.c:301:13:MotorDrive_enable	1
../Core/Src/main.c:307:13:Motor_stop	1
../Core/Src/main.c:319:13:Motor_forward	9
../Core/Src/main.c:361:13:Motor_forward_raw	5
../Core/Src/main.c:377:13:Motor_forward_turn_working	7
../Core/Src/main.c:413:13:Motor_drive_turn	15
../Core/Src/main.c:499:13:Motor_reverse	1
../Core/Src/main.c:510:24:tim_arr	2
../Core/Src/main.c:515:23:left_ticks	2
../Core/Src/main.c:523:23:right_ticks	2
../Core/Src/main.c:530:20:reset_encoders	1
../Core/Src/main.c:539:14:cm_travelled	1
../Core/Src/main.c:546:23:left_ticks_signed	1
../Core/Src/main.c:549:23:right_ticks_signed	1
../Core/Src/main.c:552:14:cm_travelled_signed	1
../Core/Src/main.c:559:13:Drive_Move_ByCM	7
../Core/Src/main.c:589:12:pwm_for_distance	4
../Core/Src/main.c:606:21:clampf	3
../Core/Src/main.c:611:19:clampi	3
../Core/Src/main.c:617:6:Encoder_Calibration_Test	2
../Core/Src/main.c:667:6:Drive_Straight_ToCM	12
../Core/Src/main.c:814:6:Drive_Straight_ToCM_USONIC	18
../Core/Src/main.c:929:6:set_left_motor	3
../Core/Src/main.c:948:6:set_right_motor	3
../Core/Src/main.c:969:13:Drive_Straight_ToCM_ForwardWorks	21
../Core/Src/main.c:1079:13:Drive_Straight_ToCM_old	23
../Core/Src/main.c:1198:10:HCSR04_Read	4
../Core/Src/main.c:1230:13:Gyro_ResetHeading	1
../Core/Src/main.c:1232:13:Gyro_UpdateFromIMU	1
../Core/Src/main.c:1240:14:Gyro_GetHeadingDeg	1
../Core/Src/main.c:1243:14:Drive_Turn_Angle	9
../Core/Src/main.c:1381:14:Drive_Turn_AngleBW	10
../Core/Src/main.c:1517:13:Debug_Show_WheelTicks	1
../Core/Src/main.c:1549:14:Apply_Straight_Deviation_To_Turn	6
../Core/Src/main.c:1579:14:Execute_Signed_Turn	4
../Core/Src/main.c:1594:6:process_command	15
../Core/Src/main.c:1725:5:_write	1
../Core/Src/main.c:1729:16:EmergencyStop_Usonic	4
../Core/Src/main.c:1758:13:Test_Turn_Residual	1
../Core/Src/main.c:1767:5:main	8
../Core/Src/main.c:1943:6:SystemClock_Config	3
../Core/Src/main.c:1989:13:MX_ADC1_Init	3
../Core/Src/main.c:2041:13:MX_I2C2_Init	2
../Core/Src/main.c:2075:13:MX_TIM1_Init	10
../Core/Src/main.c:2163:13:MX_TIM2_Init	1
../Core/Src/main.c:2188:13:MX_TIM5_Init	1
../Core/Src/main.c:2218:13:MX_TIM3_Init	6
../Core/Src/main.c:2277:13:MX_TIM4_Init	7
../Core/Src/main.c:2346:13:MX_TIM8_Init	4
../Core/Src/main.c:2392:13:MX_TIM11_Init	4
../Core/Src/main.c:2437:13:MX_TIM12_Init	3
../Core/Src/main.c:2479:13:MX_USART2_UART_Init	2
../Core/Src/main.c:2512:13:MX_USART3_UART_Init	2
../Core/Src/main.c:2545:13:MX_GPIO_Init	1
../Core/Src/main.c:2643:6:Error_Handler	1
