../Core/Src/main.c:11:20:ACK	16	static
../Core/Src/main.c:16:20:ERR	16	static
../Core/Src/main.c:21:20:DONE	16	static
../Core/Src/main.c:99:6:Display_UART_Command	48	static
../Core/Src/main.c:152:17:Steering_ToUS_original	24	static
../Core/Src/main.c:186:17:Steering_ToUS	24	static
../Core/Src/main.c:228:17:Steering_ToUS_Fixed	24	static
../Core/Src/main.c:256:13:ICM20948_SelectBank	32	static
../Core/Src/main.c:260:13:ICM20948_WriteReg	32	static
../Core/Src/main.c:265:13:ICM20948_ReadRegs	24	static
../Core/Src/main.c:270:26:icm_read_raw	24	static
../Core/Src/main.c:274:12:ICM20948_Detect	16	static
../Core/Src/main.c:280:12:ICM20948_Init	16	static
../Core/Src/main.c:292:13:ICM20948_ReadRaw	40	static
../Core/Src/main.c:301:13:MotorDrive_enable	8	static
../Core/Src/main.c:307:13:Motor_stop	4	static
../Core/Src/main.c:319:13:Motor_forward	56	static
../Core/Src/main.c:361:13:Motor_forward_raw	24	static
../Core/Src/main.c:377:13:Motor_forward_turn_working	32	static
../Core/Src/main.c:413:13:Motor_drive_turn	48	static
../Core/Src/main.c:499:13:Motor_reverse	16	static
../Core/Src/main.c:510:24:tim_arr	16	static
../Core/Src/main.c:515:23:left_ticks	16	static
../Core/Src/main.c:523:23:right_ticks	16	static
../Core/Src/main.c:530:20:reset_encoders	8	static
../Core/Src/main.c:539:14:cm_travelled	16	static
../Core/Src/main.c:546:23:left_ticks_signed	4	static
../Core/Src/main.c:549:23:right_ticks_signed	4	static
../Core/Src/main.c:552:14:cm_travelled_signed	16	static
../Core/Src/main.c:559:13:Drive_Move_ByCM	72	static
../Core/Src/main.c:589:12:pwm_for_distance	16	static
../Core/Src/main.c:606:21:clampf	24	static
../Core/Src/main.c:611:19:clampi	24	static
../Core/Src/main.c:617:6:Encoder_Calibration_Test	56	static
../Core/Src/main.c:667:6:Drive_Straight_ToCM	168	static
../Core/Src/main.c:814:6:Drive_Straight_ToCM_USONIC	96	static
../Core/Src/main.c:929:6:set_left_motor	16	static
../Core/Src/main.c:948:6:set_right_motor	16	static
../Core/Src/main.c:969:13:Drive_Straight_ToCM_ForwardWorks	184	static
../Core/Src/main.c:1079:13:Drive_Straight_ToCM_old	184	static
../Core/Src/main.c:1198:10:HCSR04_Read	32	static
../Core/Src/main.c:1230:13:Gyro_ResetHeading	4	static
../Core/Src/main.c:1232:13:Gyro_UpdateFromIMU	48	static
../Core/Src/main.c:1240:14:Gyro_GetHeadingDeg	4	static
../Core/Src/main.c:1243:14:Drive_Turn_Angle	176	static
../Core/Src/main.c:1381:14:Drive_Turn_AngleBW	176	static
../Core/Src/main.c:1517:13:Debug_Show_WheelTicks	48	static
../Core/Src/main.c:1549:14:Apply_Straight_Deviation_To_Turn	24	static
../Core/Src/main.c:1579:14:Execute_Signed_Turn	24	static
../Core/Src/main.c:1594:6:process_command	128	static
../Core/Src/main.c:1725:5:_write	24	static
../Core/Src/main.c:1729:16:EmergencyStop_Usonic	40	static
../Core/Src/main.c:1758:13:Test_Turn_Residual	8	static
../Core/Src/main.c:1767:5:main	16	static
../Core/Src/main.c:1943:6:SystemClock_Config	88	static
../Core/Src/main.c:1989:13:MX_ADC1_Init	24	static
../Core/Src/main.c:2041:13:MX_I2C2_Init	8	static
../Core/Src/main.c:2075:13:MX_TIM1_Init	96	static
../Core/Src/main.c:2163:13:MX_TIM2_Init	56	static
../Core/Src/main.c:2188:13:MX_TIM5_Init	56	static
../Core/Src/main.c:2218:13:MX_TIM3_Init	64	static
../Core/Src/main.c:2277:13:MX_TIM4_Init	64	static
../Core/Src/main.c:2346:13:MX_TIM8_Init	32	static
../Core/Src/main.c:2392:13:MX_TIM11_Init	40	static
../Core/Src/main.c:2437:13:MX_TIM12_Init	40	static
../Core/Src/main.c:2479:13:MX_USART2_UART_Init	8	static
../Core/Src/main.c:2512:13:MX_USART3_UART_Init	8	static
../Core/Src/main.c:2545:13:MX_GPIO_Init	56	static
../Core/Src/main.c:2643:6:Error_Handler	4	static,ignoring_inline_asm
