../Core/Src/main.c:11:20:ACK	1
../Core/Src/main.c:16:20:ERR	1
../Core/Src/main.c:21:20:DONE	1
../Core/Src/main.c:105:6:Display_UART_Command	1
../Core/Src/main.c:160:17:Steering_ToUS_original	3
../Core/Src/main.c:194:17:Steering_ToUS	6
../Core/Src/main.c:236:17:Steering_ToUS_Fixed	7
../Core/Src/main.c:264:13:ICM20948_SelectBank	1
../Core/Src/main.c:268:13:ICM20948_WriteReg	1
../Core/Src/main.c:273:13:ICM20948_ReadRegs	1
../Core/Src/main.c:278:26:icm_read_raw	2
../Core/Src/main.c:282:12:ICM20948_Detect	5
../Core/Src/main.c:288:12:ICM20948_Init	2
../Core/Src/main.c:300:13:ICM20948_ReadRaw	1
../Core/Src/main.c:309:13:MotorDrive_enable	1
../Core/Src/main.c:315:13:Motor_stop	1
../Core/Src/main.c:327:13:Motor_forward	9
../Core/Src/main.c:369:13:Motor_forward_raw	5
../Core/Src/main.c:385:13:Motor_forward_turn_working	7
../Core/Src/main.c:421:13:Motor_drive_turn	16
../Core/Src/main.c:509:13:Motor_reverse	1
../Core/Src/main.c:520:24:tim_arr	2
../Core/Src/main.c:525:23:left_ticks	2
../Core/Src/main.c:533:23:right_ticks	2
../Core/Src/main.c:540:20:reset_encoders	1
../Core/Src/main.c:549:14:cm_travelled	1
../Core/Src/main.c:556:23:left_ticks_signed	1
../Core/Src/main.c:559:23:right_ticks_signed	1
../Core/Src/main.c:562:14:cm_travelled_signed	1
../Core/Src/main.c:569:13:Drive_Move_ByCM	7
../Core/Src/main.c:599:12:pwm_for_distance	4
../Core/Src/main.c:624:21:clampf	3
../Core/Src/main.c:629:19:clampi	3
../Core/Src/main.c:634:6:Drive_Forward_Trimmed	1
../Core/Src/main.c:647:6:Encoder_CountsPerCM_Run	2
../Core/Src/main.c:712:6:Drive_Straight_ToCM	12
../Core/Src/main.c:857:7:Drive_Backwards_Straight_ToCM	12
../Core/Src/main.c:1013:6:set_left_motor	3
../Core/Src/main.c:1032:6:set_right_motor	3
../Core/Src/main.c:1053:13:Drive_Straight_ToCM_ForwardWorks	21
../Core/Src/main.c:1163:13:Drive_Straight_ToCM_old	23
../Core/Src/main.c:1282:10:HCSR04_Read	4
../Core/Src/main.c:1336:13:ArcCal_SetSteeringAndSettle	1
../Core/Src/main.c:1348:13:ArcCal_ResetGyro	1
../Core/Src/main.c:1355:13:ArcCal_Drive	2
../Core/Src/main.c:1363:14:ArcCal_GetAverageDistanceCM	1
../Core/Src/main.c:1370:13:ArcCal_ShowRunningOLED	1
../Core/Src/main.c:1390:13:ArcCal_ShowFinalOLED	1
../Core/Src/main.c:1409:14:Arc_Calibration_Run_Dir	7
../Core/Src/main.c:1501:6:Arc_Calibration_Compare_And_Suggest_Dir	3
../Core/Src/main.c:1548:5:Arc_Calibration_Suggest_Right	3
../Core/Src/main.c:1568:13:Gyro_ResetHeading	1
../Core/Src/main.c:1570:13:Gyro_UpdateFromIMU	1
../Core/Src/main.c:1578:14:Gyro_GetHeadingDeg	1
../Core/Src/main.c:1579:6:Drive_Arc_Turn	11
../Core/Src/main.c:1712:14:Drive_Turn_Angle	9
../Core/Src/main.c:1849:6:Drive_Arc_Turn_Backward	11
../Core/Src/main.c:1979:14:Drive_Turn_AngleBW	10
../Core/Src/main.c:2116:13:Debug_Show_WheelTicks	1
../Core/Src/main.c:2154:14:Apply_Heading_Residual_To_Turn	6
../Core/Src/main.c:2179:14:Execute_Signed_Turn	4
../Core/Src/main.c:2203:13:Accumulate_Straight_Heading_Error	3
../Core/Src/main.c:2212:6:process_command	15
../Core/Src/main.c:2321:5:_write	1
../Core/Src/main.c:2325:16:EmergencyStop_Usonic	4
../Core/Src/main.c:2354:13:Test_Turn_Residual	1
../Core/Src/main.c:2459:5:main	8
../Core/Src/main.c:2658:6:SystemClock_Config	3
../Core/Src/main.c:2704:13:MX_ADC1_Init	3
../Core/Src/main.c:2756:13:MX_I2C2_Init	2
../Core/Src/main.c:2790:13:MX_TIM1_Init	10
../Core/Src/main.c:2878:13:MX_TIM2_Init	1
../Core/Src/main.c:2903:13:MX_TIM5_Init	1
../Core/Src/main.c:2933:13:MX_TIM3_Init	6
../Core/Src/main.c:2992:13:MX_TIM4_Init	7
../Core/Src/main.c:3061:13:MX_TIM8_Init	4
../Core/Src/main.c:3107:13:MX_TIM11_Init	4
../Core/Src/main.c:3152:13:MX_TIM12_Init	3
../Core/Src/main.c:3194:13:MX_USART2_UART_Init	2
../Core/Src/main.c:3227:13:MX_USART3_UART_Init	2
../Core/Src/main.c:3260:13:MX_GPIO_Init	1
../Core/Src/main.c:3358:6:Error_Handler	1
