../Core/Src/main.c:11:20:ACK	16	static
../Core/Src/main.c:16:20:ERR	16	static
../Core/Src/main.c:21:20:DONE	16	static
../Core/Src/main.c:105:6:Display_UART_Command	48	static
../Core/Src/main.c:160:17:Steering_ToUS_original	24	static
../Core/Src/main.c:194:17:Steering_ToUS	24	static
../Core/Src/main.c:236:17:Steering_ToUS_Fixed	24	static
../Core/Src/main.c:264:13:ICM20948_SelectBank	32	static
../Core/Src/main.c:268:13:ICM20948_WriteReg	32	static
../Core/Src/main.c:273:13:ICM20948_ReadRegs	24	static
../Core/Src/main.c:278:26:icm_read_raw	24	static
../Core/Src/main.c:282:12:ICM20948_Detect	16	static
../Core/Src/main.c:288:12:ICM20948_Init	16	static
../Core/Src/main.c:300:13:ICM20948_ReadRaw	40	static
../Core/Src/main.c:309:13:MotorDrive_enable	8	static
../Core/Src/main.c:315:13:Motor_stop	4	static
../Core/Src/main.c:327:13:Motor_forward	56	static
../Core/Src/main.c:369:13:Motor_forward_raw	24	static
../Core/Src/main.c:385:13:Motor_forward_turn_working	32	static
../Core/Src/main.c:421:13:Motor_drive_turn	48	static
../Core/Src/main.c:509:13:Motor_reverse	16	static
../Core/Src/main.c:520:24:tim_arr	16	static
../Core/Src/main.c:525:23:left_ticks	16	static
../Core/Src/main.c:533:23:right_ticks	16	static
../Core/Src/main.c:540:20:reset_encoders	8	static
../Core/Src/main.c:549:14:cm_travelled	16	static
../Core/Src/main.c:556:23:left_ticks_signed	4	static
../Core/Src/main.c:559:23:right_ticks_signed	4	static
../Core/Src/main.c:562:14:cm_travelled_signed	16	static
../Core/Src/main.c:569:13:Drive_Move_ByCM	72	static
../Core/Src/main.c:599:12:pwm_for_distance	16	static
../Core/Src/main.c:624:21:clampf	24	static
../Core/Src/main.c:629:19:clampi	24	static
../Core/Src/main.c:634:6:Drive_Forward_Trimmed	16	static
../Core/Src/main.c:647:6:Encoder_CountsPerCM_Run	64	static
../Core/Src/main.c:712:6:Drive_Straight_ToCM	168	static
../Core/Src/main.c:857:7:Drive_Backwards_Straight_ToCM	176	static
../Core/Src/main.c:1013:6:set_left_motor	16	static
../Core/Src/main.c:1032:6:set_right_motor	16	static
../Core/Src/main.c:1053:13:Drive_Straight_ToCM_ForwardWorks	184	static
../Core/Src/main.c:1163:13:Drive_Straight_ToCM_old	184	static
../Core/Src/main.c:1282:10:HCSR04_Read	32	static
../Core/Src/main.c:1336:13:ArcCal_SetSteeringAndSettle	16	static
../Core/Src/main.c:1348:13:ArcCal_ResetGyro	8	static
../Core/Src/main.c:1355:13:ArcCal_Drive	24	static
../Core/Src/main.c:1363:14:ArcCal_GetAverageDistanceCM	16	static
../Core/Src/main.c:1370:13:ArcCal_ShowRunningOLED	64	static
../Core/Src/main.c:1390:13:ArcCal_ShowFinalOLED	64	static
../Core/Src/main.c:1409:14:Arc_Calibration_Run_Dir	176	static
../Core/Src/main.c:1501:6:Arc_Calibration_Compare_And_Suggest_Dir	184	static
../Core/Src/main.c:1548:5:Arc_Calibration_Suggest_Right	40	static
../Core/Src/main.c:1568:13:Gyro_ResetHeading	4	static
../Core/Src/main.c:1570:13:Gyro_UpdateFromIMU	48	static
../Core/Src/main.c:1578:14:Gyro_GetHeadingDeg	4	static
../Core/Src/main.c:1579:6:Drive_Arc_Turn	152	static
../Core/Src/main.c:1712:14:Drive_Turn_Angle	176	static
../Core/Src/main.c:1849:6:Drive_Arc_Turn_Backward	152	static
../Core/Src/main.c:1979:14:Drive_Turn_AngleBW	176	static
../Core/Src/main.c:2116:13:Debug_Show_WheelTicks	48	static
../Core/Src/main.c:2154:14:Apply_Heading_Residual_To_Turn	24	static
../Core/Src/main.c:2179:14:Execute_Signed_Turn	32	static
../Core/Src/main.c:2203:13:Accumulate_Straight_Heading_Error	16	static
../Core/Src/main.c:2212:6:process_command	64	static
../Core/Src/main.c:2321:5:_write	24	static
../Core/Src/main.c:2325:16:EmergencyStop_Usonic	40	static
../Core/Src/main.c:2354:13:Test_Turn_Residual	8	static
../Core/Src/main.c:2459:5:main	16	static
../Core/Src/main.c:2658:6:SystemClock_Config	88	static
../Core/Src/main.c:2704:13:MX_ADC1_Init	24	static
../Core/Src/main.c:2756:13:MX_I2C2_Init	8	static
../Core/Src/main.c:2790:13:MX_TIM1_Init	96	static
../Core/Src/main.c:2878:13:MX_TIM2_Init	56	static
../Core/Src/main.c:2903:13:MX_TIM5_Init	56	static
../Core/Src/main.c:2933:13:MX_TIM3_Init	64	static
../Core/Src/main.c:2992:13:MX_TIM4_Init	64	static
../Core/Src/main.c:3061:13:MX_TIM8_Init	32	static
../Core/Src/main.c:3107:13:MX_TIM11_Init	40	static
../Core/Src/main.c:3152:13:MX_TIM12_Init	40	static
../Core/Src/main.c:3194:13:MX_USART2_UART_Init	8	static
../Core/Src/main.c:3227:13:MX_USART3_UART_Init	8	static
../Core/Src/main.c:3260:13:MX_GPIO_Init	56	static
../Core/Src/main.c:3358:6:Error_Handler	4	static,ignoring_inline_asm
