../Core/Src/main.c:11:20:ACK	16	static
../Core/Src/main.c:16:20:ERR	16	static
../Core/Src/main.c:21:20:DONE	16	static
../Core/Src/main.c:127:21:wrap180f	16	static
../Core/Src/main.c:149:13:GyroStraight_LockHeading	8	static
../Core/Src/main.c:176:6:Display_UART_Command	48	static
../Core/Src/main.c:237:17:Steering_ToUS	24	static
../Core/Src/main.c:280:20:UART3_ACK	80	static
../Core/Src/main.c:294:13:IR_Left_Read	8	static
../Core/Src/main.c:313:14:IR_Left_Read_try	8	static
../Core/Src/main.c:334:14:IR_Right_Read_try	8	static
../Core/Src/main.c:355:13:IR_Right_Read	16	static
../Core/Src/main.c:375:13:ICM20948_SelectBank	32	static
../Core/Src/main.c:379:13:ICM20948_WriteReg	32	static
../Core/Src/main.c:384:13:ICM20948_ReadRegs	24	static
../Core/Src/main.c:389:26:icm_read_raw	24	static
../Core/Src/main.c:393:12:ICM20948_Detect	16	static
../Core/Src/main.c:399:12:ICM20948_Init	16	static
../Core/Src/main.c:411:13:ICM20948_ReadRaw	40	static
../Core/Src/main.c:420:13:MotorDrive_enable	8	static
../Core/Src/main.c:426:13:Motor_stop	4	static
../Core/Src/main.c:434:13:Motor_forward	80	static
../Core/Src/main.c:498:13:Motor_forward_raw	24	static
../Core/Src/main.c:514:13:Motor_reverse	16	static
../Core/Src/main.c:524:6:HCSR04_InitDWT	4	static
../Core/Src/main.c:534:10:HCSR04_Read	40	static
../Core/Src/main.c:570:24:tim_arr	16	static
../Core/Src/main.c:575:23:left_ticks	16	static
../Core/Src/main.c:583:23:right_ticks	16	static
../Core/Src/main.c:590:20:reset_encoders	8	static
../Core/Src/main.c:599:14:cm_travelled	16	static
../Core/Src/main.c:606:23:left_ticks_signed	4	static
../Core/Src/main.c:609:23:right_ticks_signed	4	static
../Core/Src/main.c:612:14:cm_travelled_signed	16	static
../Core/Src/main.c:619:13:Drive_Move_ByCM	72	static
../Core/Src/main.c:649:12:pwm_for_distance	16	static
../Core/Src/main.c:657:6:Drive_Straight_ToCM	304	static
../Core/Src/main.c:868:6:Odometry_Update	32	static
../Core/Src/main.c:887:7:Drive_Straight_ToCM_try	336	static
../Core/Src/main.c:1085:7:Drive_via_Ping	64	static
../Core/Src/main.c:1104:6:UART3_SendLine	24	static
../Core/Src/main.c:1112:6:UART3_ReadLine	40	static
../Core/Src/main.c:1133:13:DriveForwardUntilObstacle	40	static
../Core/Src/main.c:1175:13:RPi_RequestTurnCommand	96	static
../Core/Src/main.c:1203:6:Drive_Forward_Until_LeftIR_Exceeds	112	static
../Core/Src/main.c:1272:6:Drive_Straight_ToCM_RightIR_Exceed	360	static
../Core/Src/main.c:1523:6:Drive_Straight_ToCM_LeftIR_Exceed_old	368	static
../Core/Src/main.c:1807:7:Drive_Straight_ToCM_RightIR_Exceed2	368	static
../Core/Src/main.c:2054:7:Drive_Straight_ToCM_LeftIR_Exceed2	368	static
../Core/Src/main.c:2302:7:Drive_Straight_ToCM_RightIR_See	320	static
../Core/Src/main.c:2522:7:Drive_Straight_ToCM_LeftIR_See	320	static
../Core/Src/main.c:2741:6:Drive_Straight_ToCM_Left_IR	320	static
../Core/Src/main.c:2985:6:Drive_Forward_Until_LeftIR_detects	112	static
../Core/Src/main.c:3046:6:Drive_Forward_Until_LeftIR_Then_LeftTurn	24	static
../Core/Src/main.c:3064:6:Drive_Forward_Until_RightIR_Exceeds	112	static
../Core/Src/main.c:3120:6:Drive_Forward_Until_RightIR_detects	112	static
../Core/Src/main.c:3176:6:Drive_Forward_Until_RightIR_Then_RightTurn	24	static
../Core/Src/main.c:3198:13:Gyro_ResetHeading	4	static
../Core/Src/main.c:3200:13:Gyro_UpdateFromIMU	48	static
../Core/Src/main.c:3208:14:Gyro_GetHeadingDeg	4	static
../Core/Src/main.c:3218:14:Drive_Turn_Angle	288	static
../Core/Src/main.c:3399:7:Drive_Arc_Turn	208	static
../Core/Src/main.c:3540:6:Drive_Arc_Turn_Backward	152	static
../Core/Src/main.c:3680:6:set_left_motor	16	static
../Core/Src/main.c:3699:6:set_right_motor	16	static
../Core/Src/main.c:3719:21:clampf	24	static
../Core/Src/main.c:3724:19:clampi	24	static
../Core/Src/main.c:3729:12:pwm_from_speed_cmps	32	static
../Core/Src/main.c:3748:14:Apply_Turn_Compensation	24	static
../Core/Src/main.c:3763:13:Update_Turn_Residual	88	static
../Core/Src/main.c:3777:14:Apply_Straight_Deviation_To_Turn	24	static
../Core/Src/main.c:3804:6:process_command	40	static
../Core/Src/main.c:4020:7:Run_Command_As_RPi	48	static
../Core/Src/main.c:4027:13:Test_Command_Script	8	static
../Core/Src/main.c:4057:5:_write	24	static
../Core/Src/main.c:4063:6:Motor_forward_PID	216	static
../Core/Src/main.c:4291:6:Run_Test_Sequence	32	static
../Core/Src/main.c:4439:6:test_left1_left2	64	static
../Core/Src/main.c:4485:21:ArcCmdWithLastError	32	static
../Core/Src/main.c:4491:13:RPi_SnapAndWaitLR	64	static
../Core/Src/main.c:4539:6:test_2	88	static
../Core/Src/main.c:4723:5:main	16	static
../Core/Src/main.c:4834:6:SystemClock_Config	88	static
../Core/Src/main.c:4880:13:MX_ADC1_Init	24	static
../Core/Src/main.c:4932:13:MX_ADC2_Init	24	static
../Core/Src/main.c:4984:13:MX_I2C2_Init	8	static
../Core/Src/main.c:5018:13:MX_TIM1_Init	96	static
../Core/Src/main.c:5106:13:MX_TIM2_Init	56	static
../Core/Src/main.c:5131:13:MX_TIM5_Init	56	static
../Core/Src/main.c:5161:13:MX_TIM3_Init	64	static
../Core/Src/main.c:5220:13:MX_TIM4_Init	64	static
../Core/Src/main.c:5289:13:MX_TIM8_Init	32	static
../Core/Src/main.c:5335:13:MX_TIM11_Init	40	static
../Core/Src/main.c:5380:13:MX_TIM12_Init	40	static
../Core/Src/main.c:5422:13:MX_USART2_UART_Init	8	static
../Core/Src/main.c:5455:13:MX_USART3_UART_Init	8	static
../Core/Src/main.c:5488:13:MX_GPIO_Init	56	static
../Core/Src/main.c:5603:6:Error_Handler	4	static,ignoring_inline_asm
